[how-2.codes/index.html]
[backblue.gif]
[fade.gif]
[index.html]
[gmpg.org/xfn/11.html]
[how-2.codes/wp-content/themes/blogus/css/bootstrapf0a0.css]
[how-2.codes/wp-content/themes/blogai/stylef0a0.css]
[how-2.codes/wp-content/themes/blogus/css/allf0a0.css]
[fonts.googleapis.com/index.html]
[how-2.codes/comments/feed/index.html]
[how-2.codes/feed/index.html]
[how-2.codes/wp-content/themes/blogus/css/colors/darkf0a0.css]
[how-2.codes/wp-content/themes/blogus/css/swiper-bundlef0a0.css]
[how-2.codes/wp-content/themes/blogus/css/jquery.smartmenus.bootstrapf0a0.css]
[how-2.codes/wp-content/themes/blogus/css/animatef0a0.css]
[how-2.codes/wp-content/themes/blogus/stylef0a0.css]
[how-2.codes/wp-content/themes/blogai/style5152.css]
[how-2.codes/wp-content/themes/blogai/css/colors/defaultf0a0.css]
[how-2.codes/wp-includes/js/jquery/jquery.minf43b.js]
[how-2.codes/wp-includes/js/jquery/jquery-migrate.min5589.js]
[how-2.codes/wp-content/themes/blogus/js/navigationf0a0.js]
[how-2.codes/wp-content/themes/blogus/js/bootstrapf0a0.js]
[how-2.codes/wp-content/themes/blogus/js/swiper-bundlef0a0.js]
[how-2.codes/wp-content/themes/blogus/js/mainf0a0.js]
[how-2.codes/wp-content/themes/blogus/js/sticksy.minf0a0.js]
[how-2.codes/wp-content/themes/blogus/js/jquery.smartmenusf0a0.js]
[how-2.codes/wp-content/themes/blogus/js/jquery.smartmenus.bootstrapf0a0.js]
[how-2.codes/wp-content/themes/blogus/js/jquery.cookie.minf0a0.js]
[how-2.codes/wp-content/themes/blogai/js/custom-timef0a0.js]
[how-2.codes/wp-json/wp/v2/pages/28.json]
[how-2.codes/xmlrpc0db0.php]
[how-2.codes/wp-content/uploads/2026/04/pGL3279G8ozXkR2aNI-1-150x150.gif]
[how-2.codes/wp-json/index.html]
[how-2.codes/wp-content/uploads/2026/04/pGL3279G8ozXkR2aNI-1.gif]
[how-2.codes/wp-content/uploads/2026/03/IMG_20230204_024934_852.jpg]
[how-2.codes/make-life-easier/index.html]
[secure.gravatar.com/avatar/4b18c6d8a51edeea08be357770a570d5f37df86e912b4491009b98cca0c3492e507e.png]
[how-2.codes/wp-content/uploads/2026/04/xT1XGZndeDLlWvSDaU.gif]
[how-2.codes/about/index.html]
[how-2.codes/privacy-policy/index.html]
[how-2.codes/wp-content/uploads/2026/04/fr505UtsNsVmsQr6Nx.gif]
[how-2.codes/wp-content/uploads/2026/04/3o7btWGcoj9TyiCP16.gif]
[how-2.codes/wp-content/themes/blogus/inc/ansar/global/preloader/preloader5152.js]
[how-2.codes/new-split-tabs-in-firefox-how-easy-it-is/index.html]
[how-2.codes/wp-content/themes/blogai/js/jquery.marquee.min5152.js]
[how-2.codes/how-to-disable-onedrive-completely/index.html]
[how-2.codes/wp-content/themes/blogai/js/custom5152.js]
[how-2.codes/resetting-a-windows-10-11-pin-when-you-forgot-it-easily/index.html]
[how-2.codes/wp-content/themes/blogus/js/customf0a0.js]
[how-2.codes/explain-turboquant-to-me/index.html]
[how-2.codes/how-to-see-your-current-publishing-settings-4-blog-in-microsoft-word/index.html]
[how-2.codes/category/uncategorized/index.html]
[how-2.codes/wp-content/themes/blogus/js/darkf0a0.js]
[how-2.codes/index.html]
[how-2.codes/2026/04/index.html]
[how-2.codes/2026/05/index.html]
[how-2.codes/author/7webgallerygmail-com/index.html]
[how-2.codes/2026/03/index.html]
[how-2.codes/category/kod/index.html]
[gmpg.org/xfn/default.css]
[gmpg.org/xfn/.html]
[gmpg.org/xfn/intro.html]
[gmpg.org/xfn/11.html]
[gmpg.org/xfn/faq.html]
[fonts.googleapis.com/index.html]
[fonts.googleapis.com/cssa31a.css]
[how-2.codes/make-life-easier/index.html]
[how-2.codes/make-life-easier/page/2/index.html]
[how-2.codes/make-life-easier/page/4/index.html]
[how-2.codes/wp-json/wp/v2/pages/21.json]
[how-2.codes/wp-content/uploads/2026/04/26tP0VNvecdqUPRu0.gif]
[how-2.codes/wp-content/uploads/2026/04/5b4G01qDFbRvOeV4f3.gif]
[how-2.codes/about/index.html]
[how-2.codes/wp-json/wp/v2/pages/3.json]
[how-2.codes/privacy-policy/feed/index.html]
[how-2.codes/xmlrpc.php]
[how-2.codes/privacy-policy/index.html]
[how-2.codes/resetting-a-windows-10-11-pin-when-you-forgot-it-easily/feed/index.html]
[how-2.codes/wp-json/wp/v2/posts/183.json]
[how-2.codes/resetting-a-windows-10-11-pin-when-you-forgot-it-easily/index.html]
[how-2.codes/how-to-disable-onedrive-completely/index.html]
[how-2.codes/wp-json/wp/v2/posts/181.json]
[how-2.codes/how-to-disable-onedrive-completely/feed/index.html]
[how-2.codes/wp-json/wp/v2/posts/147.json]
[how-2.codes/wp-content/uploads/2026/04/041026_0933_NewSplitTab1.png]
[how-2.codes/new-split-tabs-in-firefox-how-easy-it-is/index.html]
[how-2.codes/new-split-tabs-in-firefox-how-easy-it-is/feed/index.html]
[how-2.codes/wp-json/wp/v2/posts/144.json]
[how-2.codes/explain-turboquant-to-me/feed/index.html]
[how-2.codes/wp-content/uploads/2026/03/033126_0931_ExplainTurb1.png]
[how-2.codes/explain-turboquant-to-me/index.html]
[how-2.codes/wp-json/wp/v2/posts/141.json]
[how-2.codes/wp-content/uploads/2026/03/033126_0617_HowtoSeeYou1.png]
[how-2.codes/how-to-see-your-current-publishing-settings-4-blog-in-microsoft-word/feed/index.html]
[how-2.codes/wp-content/uploads/2026/03/033126_0617_HowtoSeeYou2.png]
[how-2.codes/wp-content/uploads/2026/03/033126_0617_HowtoSeeYou3.png]
[how-2.codes/wp-content/uploads/2026/03/033126_0617_HowtoSeeYou4.png]
[how-2.codes/wp-content/uploads/2026/03/033126_0617_HowtoSeeYou5.png]
[how-2.codes/wp-content/uploads/2026/03/033126_0617_HowtoSeeYou6.png]
[how-2.codes/wp-content/uploads/2026/03/033126_0617_HowtoSeeYou7.png]
[how-2.codes/how-to-see-your-current-publishing-settings-4-blog-in-microsoft-word/index.html]
[how-2.codes/keynotenf-example/index.html]
[how-2.codes/category/uncategorized/index.html]
[how-2.codes/category/uncategorized/feed/index.html]
[how-2.codes/category/uncategorized/page/2/index.html]
[how-2.codes/author/7webgallerygmail-com/index.html]
[how-2.codes/author/7webgallerygmail-com/feed/index.html]
[how-2.codes/category/uncategorized/page/4/index.html]
[how-2.codes/2026/05/index.html]
[how-2.codes/author/7webgallerygmail-com/page/2/index.html]
[how-2.codes/wp-content/themes/blogus/css/bootstrap8717.css]
[how-2.codes/author/7webgallerygmail-com/page/4/index.html]
[secure.gravatar.com/avatar/4b18c6d8a51edeea08be357770a570d5f37df86e912b4491009b98cca0c3492ed309.png]
[how-2.codes/wp-content/themes/blogus/js/custom8717.js]
[how-2.codes/wp-content/themes/blogus/js/dark8717.js]
[how-2.codes/2026/04/index.html]
[how-2.codes/2026/03/index.html]
[how-2.codes/2026/03/page/2/index.html]
[how-2.codes/category/kod/feed/index.html]
[how-2.codes/2026/03/page/3/index.html]
[how-2.codes/category/kod/index.html]
[gmpg.org/xfn/.html]
[gmpg.org/xfn/intro.html]
[gmpg.org/xfn/faq.html]
[how-2.codes/make-life-easier/page/2/index.html]
[how-2.codes/make-life-easier/page/4/index.html]
[how-2.codes/make-life-easier/page/3/index.html]
[how-2.codes/index3965.html]
[how-2.codes/index2207.html]
[how-2.codes/xmlrpc.php]
[how-2.codes/indexe8f5.html]
[how-2.codes/index7c2c.html]
[how-2.codes/index2fa7.html]
[how-2.codes/index421d.html]
[how-2.codes/index269b.html]
[how-2.codes/are-you-recovering-from-a-pua-attack-in-windows/index.html]
[how-2.codes/111-2/index.html]
[how-2.codes/hello-world/index.html]
[how-2.codes/keynotenf-example/feed/index.html]
[how-2.codes/keynotenf-example/index.html]
[how-2.codes/wp-json/wp/v2/categories/1.html]
[how-2.codes/category/uncategorized/page/2/index.html]
[how-2.codes/category/uncategorized/page/4/index.html]
[how-2.codes/wp-json/wp/v2/users/1.html]
[how-2.codes/author/7webgallerygmail-com/page/2/index.html]
[how-2.codes/category/uncategorized/page/3/index.html]
[how-2.codes/author/7webgallerygmail-com/page/4/index.html]
[how-2.codes/2026/03/page/2/index.html]
[how-2.codes/hardening-my-pc-pua-recovery-solved/index.html]
[how-2.codes/2026/03/page/3/index.html]
[how-2.codes/wp-json/wp/v2/categories/2.html]
[how-2.codes/author/7webgallerygmail-com/page/3/index.html]
[how-2.codes/the-working-set-of-file-types-webdesign101/index.html]
[how-2.codes/are-you-recovering-from-a-pua-attack-in-windows/feed/index.html]
[how-2.codes/are-you-recovering-from-a-pua-attack-in-windows/index.html]
[how-2.codes/make-life-easier/page/3/index.html]
[how-2.codes/111-2/feed/index.html]
[how-2.codes/111-2/index.html]
[how-2.codes/hello-world/index.html]
[how-2.codes/wp-json/wp/v2/posts/130.html]
[how-2.codes/index8b4e.html]
[how-2.codes/hello-world/feed/index.html]
[how-2.codes/hardening-my-pc-pua-recovery-solved/feed/index.html]
[how-2.codes/hardening-my-pc-pua-recovery-solved/index.html]
[how-2.codes/category/uncategorized/page/3/index.html]
[how-2.codes/author/7webgallerygmail-com/page/3/index.html]
[how-2.codes/the-working-set-of-file-types-webdesign101/index.html]
[how-2.codes/wp-json/wp/v2/posts/124.html]
[how-2.codes/indexd4a6.html]
[how-2.codes/wp-json/wp/v2/posts/111.html]
[how-2.codes/indexbbbb.html]
[how-2.codes/wp-json/wp/v2/posts/1.html]
[how-2.codes/indexcff1.html]
[how-2.codes/wp-json/wp/v2/posts/127.html]
[how-2.codes/index9751.html]
[how-2.codes/the-working-set-of-file-types-webdesign101/feed/index.html]
[how-2.codes/wp-json/wp/v2/posts/115.html]
[how-2.codes/index0a10.html]
[how-2.codes/wp-json/index.html]
[fonts.googleapis.com/cssa31a.css]
[how-2.codes/wp-content/themes/blogus/css/bootstrapf0a0.css]
[how-2.codes/wp-content/uploads/2026/04/pGL3279G8ozXkR2aNI-1.gif]
[how-2.codes/wp-content/themes/blogai/stylef0a0.css]
[how-2.codes/wp-content/uploads/2026/04/fr505UtsNsVmsQr6Nx.gif]
[secure.gravatar.com/avatar/4b18c6d8a51edeea08be357770a570d5f37df86e912b4491009b98cca0c3492e507e.png]
[how-2.codes/wp-content/uploads/2026/04/26tP0VNvecdqUPRu0.gif]
[how-2.codes/privacy-policy/feed/index.html]
[how-2.codes/resetting-a-windows-10-11-pin-when-you-forgot-it-easily/feed/index.html]
[how-2.codes/wp-content/themes/blogus/css/allf0a0.css]
[how-2.codes/new-split-tabs-in-firefox-how-easy-it-is/feed/index.html]
[how-2.codes/how-to-disable-onedrive-completely/feed/index.html]
[how-2.codes/wp-content/themes/blogus/css/colors/darkf0a0.css]
[how-2.codes/wp-content/themes/blogus/css/swiper-bundlef0a0.css]
[how-2.codes/explain-turboquant-to-me/feed/index.html]
[how-2.codes/wp-content/themes/blogus/css/jquery.smartmenus.bootstrapf0a0.css]
[how-2.codes/how-to-see-your-current-publishing-settings-4-blog-in-microsoft-word/feed/index.html]
[how-2.codes/wp-content/themes/blogus/css/animatef0a0.css]
[how-2.codes/wp-content/uploads/2026/03/033126_0617_HowtoSeeYou2.png]
[how-2.codes/wp-content/themes/blogus/inc/ansar/global/preloader/preloader5152.css]
[how-2.codes/wp-content/uploads/2026/03/033126_0617_HowtoSeeYou6.png]
[how-2.codes/wp-content/themes/blogus/stylef0a0.css]
[how-2.codes/wp-content/themes/blogai/style5152.css]
[how-2.codes/category/uncategorized/feed/index.html]
[how-2.codes/author/7webgallerygmail-com/feed/index.html]
[how-2.codes/wp-content/themes/blogai/css/colors/defaultf0a0.css]
[how-2.codes/category/kod/feed/index.html]
[how-2.codes/wp-includes/js/jquery/jquery.minf43b.js]
[how-2.codes/keynotenf-example/feed/index.html]
[how-2.codes/wp-includes/js/jquery/jquery-migrate.min5589.js]
[how-2.codes/are-you-recovering-from-a-pua-attack-in-windows/feed/index.html]
[how-2.codes/111-2/feed/index.html]
[how-2.codes/wp-content/themes/blogus/js/navigationf0a0.js]
[how-2.codes/wp-content/themes/blogus/js/bootstrapf0a0.js]
[how-2.codes/hello-world/feed/index.html]
[how-2.codes/hardening-my-pc-pua-recovery-solved/feed/index.html]
[secure.gravatar.com/avatar/4b18c6d8a51edeea08be357770a570d5f37df86e912b4491009b98cca0c3492ed309.png]
[how-2.codes/wp-content/themes/blogus/js/swiper-bundlef0a0.js]
[how-2.codes/wp-content/themes/blogus/js/mainf0a0.js]
[how-2.codes/wp-content/themes/blogus/js/sticksy.minf0a0.js]
[how-2.codes/wp-content/themes/blogus/js/jquery.smartmenusf0a0.js]
[how-2.codes/wp-content/themes/blogus/js/jquery.smartmenus.bootstrapf0a0.js]
[how-2.codes/wp-content/themes/blogus/js/jquery.cookie.minf0a0.js]
[how-2.codes/wp-content/themes/blogai/js/custom-timef0a0.js]
[how-2.codes/make-life-easier/index.html]
[how-2.codes/2026/05/index.html]
[how-2.codes/category/kod/index.html]
[how-2.codes/wp-content/themes/blogus/inc/ansar/global/preloader/preloader5152.js]
[how-2.codes/wp-content/themes/blogai/js/jquery.marquee.min5152.js]
[how-2.codes/wp-content/themes/blogai/js/custom5152.js]
[how-2.codes/wp-content/themes/blogus/js/customf0a0.js]
[how-2.codes/wp-content/themes/blogus/js/darkf0a0.js]
[gmpg.org/xfn/default.css]
[how-2.codes/index3965.html]
[how-2.codes/index2207.html]
[how-2.codes/indexe8f5.html]
[how-2.codes/index7c2c.html]
[how-2.codes/index2fa7.html]
[how-2.codes/index421d.html]
[how-2.codes/index269b.html]
[how-2.codes/wp-content/uploads/2026/03/033126_0617_HowtoSeeYou8.html]
[how-2.codes/wp-content/uploads/2026/03/033126_0617_HowtoSeeYou9.html]
[how-2.codes/wp-json/wp/v2/categories/1.html]
[how-2.codes/wp-json/wp/v2/users/1.html]
[how-2.codes/wp-content/themes/blogus/css/bootstrap8717.css]
[how-2.codes/wp-content/themes/blogai/style8717.html]
[how-2.codes/wp-content/themes/blogus/css/all8717.html]
[how-2.codes/wp-content/themes/blogus/css/colors/dark8717.html]
[how-2.codes/wp-content/themes/blogus/css/swiper-bundle8717.html]
[how-2.codes/wp-content/themes/blogus/css/jquery.smartmenus.bootstrap8717.html]
[how-2.codes/wp-content/themes/blogus/css/animate8717.html]
[how-2.codes/wp-content/themes/blogus/style8717.html]
[how-2.codes/wp-content/themes/blogai/css/colors/default8717.html]
[how-2.codes/wp-content/themes/blogus/js/navigation8717.html]
[how-2.codes/wp-content/themes/blogus/js/bootstrap8717.html]
[how-2.codes/wp-content/themes/blogus/js/swiper-bundle8717.html]
[how-2.codes/wp-content/themes/blogus/js/main8717.html]
[how-2.codes/wp-content/themes/blogus/js/sticksy.min8717.html]
[how-2.codes/wp-content/themes/blogus/js/jquery.smartmenus8717.html]
[how-2.codes/wp-content/themes/blogus/js/jquery.smartmenus.bootstrap8717.html]
[how-2.codes/wp-content/themes/blogus/js/jquery.cookie.min8717.html]
[how-2.codes/wp-content/themes/blogai/js/custom-time8717.html]
[how-2.codes/wp-content/themes/blogus/js/custom8717.js]
[how-2.codes/wp-content/themes/blogus/js/dark8717.js]
[how-2.codes/wp-json/wp/v2/categories/2.html]
[how-2.codes/wp-json/wp/v2/posts/130.html]
[how-2.codes/wp-content/uploads/2026/03/033126_0615_KeyNoteNFEx1.html]
[how-2.codes/wp-json/wp/v2/posts/124.html]
[how-2.codes/wp-content/uploads/2026/03/031226_0554_Areyourecov1.html]
[how-2.codes/wp-content/uploads/2026/03/031226_0554_Areyourecov2.html]
[how-2.codes/wp-content/uploads/2026/03/031226_0554_Areyourecov3.html]
[how-2.codes/wp-content/uploads/2026/03/031226_0554_Areyourecov4.html]
[how-2.codes/wp-content/uploads/2026/03/031226_0554_Areyourecov5.html]
[how-2.codes/wp-content/uploads/2026/03/031226_0554_Areyourecov6.html]
[how-2.codes/wp-content/uploads/2026/03/031226_0554_Areyourecov7.html]
[how-2.codes/wp-json/wp/v2/posts/111.html]
[how-2.codes/wp-content/uploads/2026/03/030626_2351_1.html]
[how-2.codes/wp-content/uploads/2026/03/030626_2351_2.html]
[how-2.codes/wp-content/uploads/2026/03/030626_2351_3.html]
[how-2.codes/wp-content/uploads/2026/03/030626_2351_4.html]
[how-2.codes/wp-content/uploads/2026/03/030626_2351_5.html]
[how-2.codes/wp-content/uploads/2026/03/030626_2351_6.html]
[how-2.codes/wp-content/uploads/2026/03/030626_2351_7.html]
[how-2.codes/wp-content/uploads/2026/03/030626_2351_8.html]
[how-2.codes/wp-content/uploads/2026/03/030626_2351_9.html]
[how-2.codes/wp-content/uploads/2026/03/030626_2351_10.html]
[how-2.codes/wp-content/uploads/2026/03/030626_2351_11.html]
[how-2.codes/wp-content/uploads/2026/03/030626_2351_12.html]
[how-2.codes/wp-content/uploads/2026/03/030626_2351_13.html]
[how-2.codes/wp-content/uploads/2026/03/030626_2351_14.html]
[how-2.codes/wp-content/uploads/2026/03/030626_2351_15.html]
[how-2.codes/wp-content/uploads/2026/03/030626_2351_16.html]
[how-2.codes/wp-content/uploads/2026/03/030626_2351_17.html]
[how-2.codes/wp-content/uploads/2026/03/030626_2351_18.html]
[how-2.codes/wp-content/uploads/2026/03/030626_2351_19.html]
[how-2.codes/wp-content/uploads/2026/03/030626_2351_20.html]
[how-2.codes/wp-content/uploads/2026/03/030626_2351_21.html]
[how-2.codes/wp-content/uploads/2026/03/030626_2351_22.html]
[how-2.codes/wp-content/uploads/2026/03/030626_2351_23.html]
[how-2.codes/wp-content/uploads/2026/03/030626_2351_24.html]
[how-2.codes/wp-content/uploads/2026/03/030626_2351_25.html]
[how-2.codes/wp-content/uploads/2026/03/030626_2351_26.html]
[how-2.codes/wp-content/uploads/2026/03/030626_2351_27.html]
[how-2.codes/wp-content/uploads/2026/03/030626_2351_28.html]
[how-2.codes/wp-content/uploads/2026/03/030626_2351_29.html]
[how-2.codes/wp-content/uploads/2026/03/030626_2351_30.html]
[how-2.codes/wp-content/uploads/2026/03/030626_2351_31.html]
[how-2.codes/wp-content/uploads/2026/03/030626_2351_32.html]
[how-2.codes/wp-content/uploads/2026/03/030626_2351_33.html]
[how-2.codes/wp-content/uploads/2026/03/030626_2351_34.html]
[how-2.codes/wp-content/uploads/2026/03/030626_2351_35.html]
[how-2.codes/wp-content/uploads/2026/03/030626_2351_36.html]
[how-2.codes/wp-content/uploads/2026/03/030626_2351_37.html]
[how-2.codes/wp-content/uploads/2026/03/030626_2351_38.html]
[how-2.codes/wp-content/uploads/2026/03/030626_2351_39.html]
[how-2.codes/wp-content/uploads/2026/03/030626_2351_40.html]
[how-2.codes/wp-content/uploads/2026/03/030626_2351_41.html]
[how-2.codes/wp-content/uploads/2026/03/030626_2351_42.html]
[how-2.codes/wp-content/uploads/2026/03/030626_2351_43.html]
[how-2.codes/wp-content/uploads/2026/03/030626_2351_44.html]
[how-2.codes/wp-content/uploads/2026/03/030626_2351_45.html]
[how-2.codes/wp-content/uploads/2026/03/030626_2351_46.html]
[how-2.codes/wp-content/uploads/2026/03/030626_2351_47.html]
[how-2.codes/wp-content/uploads/2026/03/030626_2351_48.html]
[how-2.codes/wp-content/uploads/2026/03/030626_2351_49.html]
[how-2.codes/wp-content/uploads/2026/03/030626_2351_50.html]
[how-2.codes/wp-content/uploads/2026/03/030626_2351_51.html]
[how-2.codes/wp-content/uploads/2026/03/030626_2351_52.html]
[how-2.codes/wp-content/uploads/2026/03/030626_2351_53.html]
[how-2.codes/wp-content/uploads/2026/03/030626_2351_54.html]
[how-2.codes/wp-content/uploads/2026/03/030626_2351_55.html]
[how-2.codes/wp-content/uploads/2026/03/030626_2351_56.html]
[how-2.codes/wp-content/uploads/2026/03/030626_2351_57.html]
[how-2.codes/wp-content/uploads/2026/03/030626_2351_58.html]
[how-2.codes/wp-content/uploads/2026/03/030626_2351_59.html]
[how-2.codes/wp-json/wp/v2/posts/1.html]
[how-2.codes/wp-json/wp/v2/posts/127.html]
[how-2.codes/wp-content/themes/blogus/webfonts/fa-brands-400.html]
[how-2.codes/wp-content/themes/blogus/webfonts/fa-brands-401.html]
[how-2.codes/wp-content/themes/blogus/webfonts/fa-regular-400.html]
[how-2.codes/wp-content/themes/blogus/webfonts/fa-regular-401.html]
[how-2.codes/wp-content/themes/blogus/webfonts/fa-solid-900.html]
[how-2.codes/wp-content/themes/blogus/webfonts/fa-solid-901.html]
[how-2.codes/wp-content/themes/blogus/webfonts/fa-v4compatibility.html]
[how-2.codes/wp-content/themes/blogus/webfonts/fa-v4compatibility-2.html]
[how-2.codes/urlOverride.html]
[how-2.codes/swiper.params.html]
